###############################################################################
#
# IAR ELF Linker V9.60.4.438/W64 for ARM                  10/Jun/2025  16:11:44
# Copyright 2007-2025 IAR Systems AB.
#
#    Output file  =  C:\Embedded_Programming\Lesson16\Debug\Exe\project5.out
#    Map file     =  C:\Embedded_Programming\Lesson16\Debug\List\project5.map
#    Command line =
#        -f C:\Embedded_Programming\Lesson16\Debug\Exe\project5.out.rsp
#        (C:\Embedded_Programming\Lesson16\Debug\Obj\bsp.o
#        C:\Embedded_Programming\Lesson16\Debug\Obj\delay.o
#        C:\Embedded_Programming\Lesson16\Debug\Obj\fact.o
#        C:\Embedded_Programming\Lesson16\Debug\Obj\main.o
#        C:\Embedded_Programming\Lesson16\Debug\Obj\startuptm4c.o
#        C:\Embedded_Programming\Lesson16\Debug\Obj\swap.o --no_out_extension
#        -o C:\Embedded_Programming\Lesson16\Debug\Exe\project5.out --redirect
#        _Printf=_PrintfFullNoMb --redirect _Scanf=_ScanfFullNoMb --map
#        C:\Embedded_Programming\Lesson16\Debug\List\project5.map --config
#        C:\Embedded_Programming\Lesson13\STACK_NHEAP.icf --semihosting --entry
#        __iar_program_start --no_vfe --text_out locale --cpu=Cortex-M4
#        --fpu=None) --dependencies=n
#        C:\Embedded_Programming\Lesson16\Debug\Exe\project5.out.iar_deps
#
###############################################################################

*******************************************************************************
*** RUNTIME MODEL ATTRIBUTES
***

CppFlavor       = *
__CPP_Runtime   = 1
__SystemLibrary = DLib
__dlib_version  = 6


*******************************************************************************
*** HEAP SELECTION
***

The basic heap was selected because --advanced_heap
was not specified and the application did not appear to
be primarily optimized for speed.


*******************************************************************************
*** PLACEMENT SUMMARY
***

"A0":  place at address 0x0 { ro section .intvec };
"P1":  place in [from 0x0 to 0x3'ffff] { ro };
define block CSTACK with size = 1K, alignment = 8 { };
define block HEAP with size = 0, alignment = 8 { };
"P2":  place in [from 0x2000'0000 to 0x2000'7fff] {
          rw, block CSTACK, block HEAP };

No sections matched the following patterns:

  rw  in "P2"


  Section   Kind         Address  Alignment   Size  Object
  -------   ----         -------  ---------   ----  ------
"A0":                                         0x40
  .intvec   const            0x0          4   0x40  startuptm4c.o [1]
                          - 0x40              0x40

"P1":                                        0x168
  .text     ro code         0x40          4   0x88  main.o [1]
  .text     ro code         0xc8          4   0x58  bsp.o [1]
  .text     ro code        0x120          4   0x1e  cmain.o [3]
  .text     ro code        0x13e          2    0x4  low_level_init.o [2]
  .text     ro code        0x142          2    0x4  exit.o [2]
  .text     ro code        0x146          2    0x2  vectortrap_M.o [3]
  .text     ro code        0x148          4    0xa  cexit.o [3]
  .text     ro code        0x154          4   0x14  exit.o [4]
  .text     ro code        0x168          4   0x1c  cstartup_M.o [3]
  .text     ro code        0x184          4   0x10  startuptm4c.o [1]
  .rodata   const          0x194          4    0xc  bsp.o [1]
  .rodata   const          0x1a0          4    0x8  startuptm4c.o [1]
                         - 0x1a8             0x168

"P2":                                        0x400
  CSTACK             0x2000'0000          8  0x400  <Block>
    CSTACK  uninit   0x2000'0000             0x400  <Block tail>
                   - 0x2000'0400             0x400

Unused ranges:

         From           To      Size
         ----           --      ----
        0x1a8     0x3'ffff  0x3'fe58
  0x2000'0400  0x2000'7fff    0x7c00



*******************************************************************************
*** MODULE SUMMARY
***

    Module            ro code  ro data  rw data
    ------            -------  -------  -------
command line/config:
    -------------------------------------------
    Total:

C:\Embedded_Programming\Lesson16\Debug\Obj: [1]
    bsp.o                  88       12
    main.o                136
    startuptm4c.o          16       72
    -------------------------------------------
    Total:                240       84

dl7M_tln.a: [2]
    exit.o                  4
    low_level_init.o        4
    -------------------------------------------
    Total:                  8

rt7M_tl.a: [3]
    cexit.o                10
    cmain.o                30
    cstartup_M.o           28
    vectortrap_M.o          2
    -------------------------------------------
    Total:                 70

shb_l.a: [4]
    exit.o                 20
    -------------------------------------------
    Total:                 20

    Gaps                    2
    Linker created                        1'024
-----------------------------------------------
    Grand Total:          340       84    1'024


*******************************************************************************
*** ENTRY LIST
***

Entry                     Address  Size  Type      Object
-----                     -------  ----  ----      ------
?main                       0x121        Code  Gb  cmain.o [3]
BusFault_Handler            0x185  0x10  Code  Wk  startuptm4c.o [1]
CSTACK$$Base          0x2000'0000         --   Gb  - Linker created -
CSTACK$$Limit         0x2000'0400        Data  Gb  - Linker created -
DebugMon_Handler            0x147        Code  Wk  vectortrap_M.o [3]
Default_Handler             0x185  0x10  Code  Gb  startuptm4c.o [1]
HardFault_Handler            0xed   0xa  Code  Gb  bsp.o [1]
MemManage_Handler           0x185  0x10  Code  Wk  startuptm4c.o [1]
NMI_Handler                  0xf7   0xa  Code  Gb  bsp.o [1]
PendSV_Handler              0x147        Code  Wk  vectortrap_M.o [3]
Region$$Table$$Base           0x0         --   Gb  - Linker created -
Region$$Table$$Limit          0x0         --   Gb  - Linker created -
SVC_Handler                 0x147        Code  Wk  vectortrap_M.o [3]
SysTick_Handler             0x101   0xc  Code  Gb  bsp.o [1]
UsageFault_Handler          0x185  0x10  Code  Wk  startuptm4c.o [1]
__NVIC_SystemReset           0xc9  0x1a  Code  Lc  bsp.o [1]
__cmain                     0x121        Code  Gb  cmain.o [3]
__exit                      0x155  0x14  Code  Gb  exit.o [4]
__iar_program_start         0x169        Code  Gb  cstartup_M.o [3]
__low_level_init            0x13f   0x4  Code  Gb  low_level_init.o [2]
__vector_table                0x0  0x40  Data  Gb  startuptm4c.o [1]
_call_main                  0x12d        Code  Gb  cmain.o [3]
_exit                       0x149        Code  Gb  cexit.o [3]
assert_failed                0xe3   0xa  Code  Gb  bsp.o [1]
exit                        0x143   0x4  Code  Gb  exit.o [2]
main                         0x41  0x88  Code  Gb  main.o [1]


[1] = C:\Embedded_Programming\Lesson16\Debug\Obj
[2] = dl7M_tln.a
[3] = rt7M_tl.a
[4] = shb_l.a

    340 bytes of readonly  code memory
     84 bytes of readonly  data memory
  1'024 bytes of readwrite data memory

Errors: none
Warnings: none
